../Core/Src/main.c:68:5:calculate_diff	24	static
../Core/Src/main.c:93:6:HAL_TIM_PeriodElapsedCallback	168	static
../Core/Src/main.c:116:5:main	8	static
../Core/Src/main.c:167:6:SystemClock_Config	88	static
../Core/Src/main.c:214:13:MX_TIM2_Init	32	static
../Core/Src/main.c:259:13:MX_TIM3_Init	56	static
../Core/Src/main.c:308:13:MX_USART2_UART_Init	8	static
../Core/Src/main.c:339:13:MX_DMA_Init	16	static
../Core/Src/main.c:357:13:MX_GPIO_Init	48	static
../Core/Src/main.c:399:6:Error_Handler	4	static,ignoring_inline_asm
