../Core/Src/main.c:89:6:Set_Note_PWM	16	static
../Core/Src/main.c:95:6:Set_Note_Timer	16	static
../Core/Src/main.c:100:6:playsong	8	static
../Core/Src/main.c:108:6:HAL_TIM_PeriodElapsedCallback	16	static
../Core/Src/main.c:122:6:HAL_GPIO_EXTI_Callback	16	static
../Core/Src/main.c:137:5:main	8	static
../Core/Src/main.c:184:6:SystemClock_Config	88	static
../Core/Src/main.c:231:13:MX_TIM1_Init	80	static
../Core/Src/main.c:296:13:MX_TIM3_Init	32	static
../Core/Src/main.c:341:13:MX_USART2_UART_Init	8	static
../Core/Src/main.c:374:13:MX_GPIO_Init	48	static
../Core/Src/main.c:426:6:Error_Handler	4	static,ignoring_inline_asm
