../Core/Src/main.c:89:6:Set_Note_PWM	1
../Core/Src/main.c:95:6:Set_Note_Timer	1
../Core/Src/main.c:100:6:playsong	1
../Core/Src/main.c:109:6:HAL_TIM_PeriodElapsedCallback	3
../Core/Src/main.c:125:6:HAL_GPIO_EXTI_Callback	3
../Core/Src/main.c:139:5:main	1
../Core/Src/main.c:186:6:SystemClock_Config	3
../Core/Src/main.c:233:13:MX_TIM1_Init	5
../Core/Src/main.c:298:13:MX_TIM3_Init	4
../Core/Src/main.c:343:13:MX_USART2_UART_Init	2
../Core/Src/main.c:376:13:MX_GPIO_Init	1
../Core/Src/main.c:428:6:Error_Handler	1
