../Core/Src/main.c:89:6:Set_Note_PWM	1
../Core/Src/main.c:95:6:Set_Note_Timer	1
../Core/Src/main.c:100:6:playsong	1
../Core/Src/main.c:108:6:HAL_TIM_PeriodElapsedCallback	3
../Core/Src/main.c:123:6:HAL_GPIO_EXTI_Callback	3
../Core/Src/main.c:137:5:main	1
../Core/Src/main.c:184:6:SystemClock_Config	3
../Core/Src/main.c:231:13:MX_TIM1_Init	5
../Core/Src/main.c:296:13:MX_TIM3_Init	4
../Core/Src/main.c:341:13:MX_USART2_UART_Init	2
../Core/Src/main.c:374:13:MX_GPIO_Init	1
../Core/Src/main.c:426:6:Error_Handler	1
