../Core/Src/main.c:106:6:HAL_UART_RxCpltCallback	16	static
../Core/Src/main.c:117:6:HAL_TIM_PeriodElapsedCallback	24	static
../Core/Src/main.c:126:6:HAL_SPI_TxCpltCallback	16	static
../Core/Src/main.c:139:5:main	8	static
../Core/Src/main.c:189:6:SystemClock_Config	88	static
../Core/Src/main.c:236:13:MX_SPI1_Init	8	static
../Core/Src/main.c:274:13:MX_TIM3_Init	32	static
../Core/Src/main.c:319:13:MX_USART1_UART_Init	8	static
../Core/Src/main.c:352:13:MX_USART2_UART_Init	8	static
../Core/Src/main.c:383:13:MX_DMA_Init	16	static
../Core/Src/main.c:405:13:MX_GPIO_Init	48	static
../Core/Src/main.c:447:6:Error_Handler	4	static,ignoring_inline_asm
