../Core/Src/main.c:106:6:HAL_UART_RxCpltCallback	2
../Core/Src/main.c:117:6:HAL_TIM_PeriodElapsedCallback	6
../Core/Src/main.c:126:6:HAL_SPI_TxCpltCallback	2
../Core/Src/main.c:139:5:main	1
../Core/Src/main.c:189:6:SystemClock_Config	3
../Core/Src/main.c:236:13:MX_SPI1_Init	2
../Core/Src/main.c:274:13:MX_TIM3_Init	4
../Core/Src/main.c:319:13:MX_USART1_UART_Init	2
../Core/Src/main.c:352:13:MX_USART2_UART_Init	2
../Core/Src/main.c:383:13:MX_DMA_Init	1
../Core/Src/main.c:405:13:MX_GPIO_Init	1
../Core/Src/main.c:447:6:Error_Handler	1
