../Core/Src/main.c:72:6:HAL_TIM_PeriodElapsedCallback	16	static
../Core/Src/main.c:79:6:HAL_I2C_MasterRxCpltCallback	552	static
../Core/Src/main.c:102:5:main	16	static
../Core/Src/main.c:152:6:SystemClock_Config	88	static
../Core/Src/main.c:199:13:MX_I2C1_Init	8	static
../Core/Src/main.c:233:13:MX_TIM3_Init	32	static
../Core/Src/main.c:278:13:MX_USART2_UART_Init	8	static
../Core/Src/main.c:309:13:MX_DMA_Init	16	static
../Core/Src/main.c:333:13:MX_GPIO_Init	48	static
../Core/Src/main.c:375:6:Error_Handler	4	static,ignoring_inline_asm
