../Core/Src/main.c:74:6:HAL_ADC_ConvCpltCallback	56	static
../Core/Src/main.c:96:6:HAL_ADC_ConvHalfCpltCallback	24	static
../Core/Src/main.c:111:5:main	8	static
../Core/Src/main.c:161:6:SystemClock_Config	88	static
../Core/Src/main.c:208:13:MX_ADC1_Init	24	static
../Core/Src/main.c:260:13:MX_TIM2_Init	32	static
../Core/Src/main.c:305:13:MX_USART2_UART_Init	8	static
../Core/Src/main.c:336:13:MX_DMA_Init	16	static
../Core/Src/main.c:358:13:MX_GPIO_Init	48	static
../Core/Src/main.c:400:6:Error_Handler	4	static,ignoring_inline_asm
