../Core/Src/main.c:71:6:HAL_TIM_PeriodElapsedCallback	24	static
../Core/Src/main.c:78:6:HAL_SPI_TxCpltCallback	16	static
../Core/Src/main.c:90:5:main	8	static
../Core/Src/main.c:139:6:SystemClock_Config	88	static
../Core/Src/main.c:186:13:MX_SPI1_Init	8	static
../Core/Src/main.c:224:13:MX_TIM3_Init	32	static
../Core/Src/main.c:269:13:MX_USART2_UART_Init	8	static
../Core/Src/main.c:300:13:MX_DMA_Init	16	static
../Core/Src/main.c:318:13:MX_GPIO_Init	48	static
../Core/Src/main.c:360:6:Error_Handler	4	static,ignoring_inline_asm
