../Core/Src/main.c:157:6:HAL_UART_RxCpltCallback	16	static
../Core/Src/main.c:170:6:HAL_SPI_TxCpltCallback	16	static
../Core/Src/main.c:179:6:UART_IR_sendByte	16	static
../Core/Src/main.c:188:6:HAL_TIM_PeriodElapsedCallback	24	static
../Core/Src/main.c:243:5:main	16	static
../Core/Src/main.c:319:6:SystemClock_Config	88	static
../Core/Src/main.c:366:13:MX_SPI1_Init	8	static
../Core/Src/main.c:404:13:MX_TIM2_Init	48	static
../Core/Src/main.c:453:13:MX_TIM3_Init	32	static
../Core/Src/main.c:498:13:MX_TIM4_Init	32	static
../Core/Src/main.c:543:13:MX_TIM5_Init	32	static
../Core/Src/main.c:588:13:MX_USART1_UART_Init	8	static
../Core/Src/main.c:621:13:MX_USART2_UART_Init	8	static
../Core/Src/main.c:652:13:MX_DMA_Init	16	static
../Core/Src/main.c:670:13:MX_GPIO_Init	48	static
../Core/Src/main.c:722:6:Error_Handler	4	static,ignoring_inline_asm
