../Core/Src/main.c:151:6:HAL_UART_RxCpltCallback	16	static
../Core/Src/main.c:160:6:HAL_SPI_TxCpltCallback	16	static
../Core/Src/main.c:168:6:sendsByte	16	static
../Core/Src/main.c:176:6:HAL_TIM_PeriodElapsedCallback	32	static
../Core/Src/main.c:244:5:main	8	static
../Core/Src/main.c:299:6:SystemClock_Config	88	static
../Core/Src/main.c:346:13:MX_SPI1_Init	8	static
../Core/Src/main.c:384:13:MX_TIM2_Init	48	static
../Core/Src/main.c:433:13:MX_TIM3_Init	32	static
../Core/Src/main.c:478:13:MX_TIM4_Init	32	static
../Core/Src/main.c:523:13:MX_TIM5_Init	32	static
../Core/Src/main.c:568:13:MX_USART1_UART_Init	8	static
../Core/Src/main.c:601:13:MX_USART2_UART_Init	8	static
../Core/Src/main.c:632:13:MX_DMA_Init	16	static
../Core/Src/main.c:650:13:MX_GPIO_Init	48	static
../Core/Src/main.c:702:6:Error_Handler	4	static,ignoring_inline_asm
