../Core/Src/main.c:100:6:sendsByte	16	static
../Core/Src/main.c:110:6:HAL_TIM_PeriodElapsedCallback	24	static
../Core/Src/main.c:162:5:main	24	static
../Core/Src/main.c:234:6:SystemClock_Config	88	static
../Core/Src/main.c:281:13:MX_TIM2_Init	48	static
../Core/Src/main.c:330:13:MX_TIM3_Init	32	static
../Core/Src/main.c:375:13:MX_TIM4_Init	32	static
../Core/Src/main.c:420:13:MX_USART2_UART_Init	8	static
../Core/Src/main.c:453:13:MX_GPIO_Init	48	static
../Core/Src/main.c:505:6:Error_Handler	4	static,ignoring_inline_asm
